version,magnitude,percentile,avg_displ
model7,6,0.5,0.038520719
model7,6.4,0.5,0.15551901
model7,7,0.5,1.160499238
model7,7.8,0.5,3.140973215
model8.1,6,0.5,0.042539341
model8.1,6.4,0.5,0.154960999
model8.1,7,0.5,1.063734311
model8.1,7.8,0.5,3.053412075
model8.2,6,0.5,0.035705752
model8.2,6.4,0.5,0.177353517
model8.2,7,0.5,1.058223394
model8.2,7.8,0.5,3.753099876
model8.3,6,0.5,0.034720537
model8.3,6.4,0.5,0.222643501
model8.3,7,0.5,0.91454563
model8.3,7.8,0.5,4.484772457
