version,style,magnitude,percentile,displ
mean_coeffs,reverse,6,0.5,0.463906389
mean_coeffs,reverse,7,0.5,1.409942452
mean_coeffs,reverse,8,0.5,3.380128255
