displacement,normal,reverse,strike_slip
0.01,0.999999933,0.999999214,0.999999976
0.03,0.999994644,0.999974886,0.999999094
0.1,0.999552344,0.999101014,0.999945295
0.3,0.986762223,0.984109642,0.997962381
1,0.817165793,0.817204373,0.939268426
3,0.347530338,0.332038898,0.532063092
10,0.018221512,0.015176743,0.030175923
30,2.98E-05,3.17E-05,2.60E-05
50,2.50E-07,4.02E-07,1.02E-07
80,8.59E-10,2.66E-09,1.16E-10
