displacement,normal,strike_slip,reverse
0.01,0.932067143,0.973715803,0.961799983
0.03,0.925821201,0.968956189,0.957077951
0.1,0.903396483,0.950614307,0.938838494
0.3,0.831462845,0.886547452,0.875027984
1,0.579833216,0.638672724,0.628365913
3,0.180188677,0.206693282,0.201213346
10,0.003398734,0.003880763,0.003652909
30,2.39E-07,2.26E-07,1.98E-07
50,7.20E-11,5.51E-11,4.53E-11
80,1.66E-15,8.68E-16,7.50E-16
