displacement,normal,strike_slip,reverse
0.01,0.914800015,0.950566937,0.919319569
0.03,0.892868335,0.931193346,0.910783871
0.1,0.826542765,0.869422565,0.87879949
0.3,0.664712746,0.709485209,0.776064636
1,0.311266106,0.338746766,0.454789434
3,0.041383324,0.044722732,0.08612179
10,0.00011221,0.000107179,0.000391396
30,2.50E-10,1.62E-10,1.38E-09
50,6.13E-15,2.79E-15,3.91E-14
80,0.00E+00,0.00E+00,0.00E+00
