displacement,normal,strike_slip,reverse
0.01,0.9946081,0.99641998,0.996419585
0.03,0.987943061,0.991549385,0.991527586
0.1,0.964013662,0.972779825,0.972631606
0.3,0.887253335,0.90721912,0.906524263
1,0.618739559,0.653564686,0.65098369
3,0.192279193,0.211512759,0.208455939
10,0.003626787,0.003971251,0.003784394
30,2.55E-07,2.31E-07,2.05E-07
50,7.68E-11,5.63E-11,4.69E-11
80,1.78E-15,8.88E-16,7.77E-16
