displacement,normal,strike_slip,reverse
0.01,0.997159794,0.997159794,0.997159794
0.03,0.993070718,0.993070718,0.993070718
0.1,0.976632374,0.976632374,0.976632374
0.3,0.916297689,0.916297689,0.916297689
1,0.669449833,0.669449833,0.669449833
3,0.219192018,0.219192018,0.219192018
10,0.003967126,0.003967126,0.003967126
30,1.9299E-07,1.9299E-07,1.9299E-07
50,3.91879E-11,3.91879E-11,3.91879E-11
80,5.55112E-16,5.55112E-16,5.55112E-16
