displacement,normal,strike_slip,reverse
0.01,0.97752462,0.982295353,0.993303077
0.03,0.954089162,0.962275102,0.984080456
0.1,0.883215882,0.898442511,0.949522089
0.3,0.710289751,0.733166699,0.838519505
1,0.332608523,0.350053596,0.491389239
3,0.044220832,0.046215506,0.093052559
10,0.000119904,0.000110757,0.000422894
30,2.67E-10,1.67E-10,1.49E-09
50,6.55E-15,2.89E-15,4.23E-14
80,0.00E+00,0.00E+00,0.00E+00
