version,x_l,alpha,beta
D/AD,0,1.775354285,0.349937749
D/AD,0.1,1.671297047,0.50373749
D/AD,0.3,2.356553099,0.437840758
D/AD,0.38,2.482462969,0.459241805
D/AD,0.5,1.829421872,0.893597347
D/AD,0.54,2.165011341,0.644449252
D/AD,0.7,2.356553099,0.437840758
D/AD,1,1.775354285,0.349937749
D/MD,0,0.713,1.74
D/MD,0.1,0.8031,1.554
D/MD,0.3,0.9833,1.182
D/MD,0.38,1.05538,1.0332
D/MD,0.5,1.1635,0.81
D/MD,0.54,1.12746,0.8844
D/MD,0.7,0.9833,1.182
D/MD,1,0.713,1.74
