model,use_girs,complete,magnitude,x_l,displacement,probexceed_with_full_aleatory
D/AD,FALSE,TRUE,7,0.5,0.001,1.0000000
D/AD,FALSE,TRUE,7,0.5,0.01,0.9999998
D/AD,FALSE,TRUE,7,0.5,0.03,0.9999852
D/AD,FALSE,TRUE,7,0.5,0.1,0.9986292
D/AD,FALSE,TRUE,7,0.5,0.3,0.9568917
D/AD,FALSE,TRUE,7,0.5,1,0.5333073
D/AD,FALSE,TRUE,7,0.5,3,0.0561350
D/AD,FALSE,TRUE,7,0.5,10,0.0001763
D/AD,FALSE,TRUE,7,0.5,30,0.0000000
