magnitude,percentile,avg_displ
6,0.5,0.533580562
6.5,0.5,0.775175432
7,0.5,1.126159747
7.5,0.5,1.636062913
8,0.5,2.376840287
6,0.84,0.787513197
6.5,0.84,1.14408381
7,0.84,1.662102643
7.5,0.84,2.414670298
8,0.84,3.507985909
