magnitude,mu,sigma
6,-0.1359,0.31
7,0.3743,0.31
8,0.8845,0.31
