model,use_girs,complete,magnitude,x_l,displacement,probexceed_with_full_aleatory
D/AD,TRUE,TRUE,7,0.5,0.01,0.999999214
D/AD,TRUE,TRUE,7,0.5,0.03,0.999956942
D/AD,TRUE,TRUE,7,0.5,0.1,0.997380181
D/AD,TRUE,TRUE,7,0.5,0.3,0.94008772
D/AD,TRUE,TRUE,7,0.5,1,0.486175731
D/AD,TRUE,TRUE,7,0.5,3,0.046868363
D/AD,TRUE,TRUE,7,0.5,10,0.000138312
D/AD,TRUE,TRUE,7,0.5,30,1.56E-08
