model,use_girs,complete,magnitude,x_l,displacement,probexceed_with_full_aleatory
D/MD,TRUE,TRUE,7,0.5,0.001,0.9999999
D/MD,TRUE,TRUE,7,0.5,0.01,0.9999573
D/MD,TRUE,TRUE,7,0.5,0.03,0.9993299
D/MD,TRUE,TRUE,7,0.5,0.1,0.9882070
D/MD,TRUE,TRUE,7,0.5,0.3,0.8873645
D/MD,TRUE,TRUE,7,0.5,1,0.4192993
D/MD,TRUE,TRUE,7,0.5,3,0.0357393
D/MD,TRUE,TRUE,7,0.5,10,0.0000440
D/MD,TRUE,TRUE,7,0.5,30,0.0000000
