model,magnitude,x_l,displacement,probexceed_with_full_aleatory
D/AD,7,0.5,0.01,0.999838455
D/AD,7,0.5,0.03,0.998816352
D/AD,7,0.5,0.1,0.989944142
D/AD,7,0.5,0.3,0.936890744
D/AD,7,0.5,1,0.666298319
D/AD,7,0.5,3,0.198771065
D/AD,7,0.5,10,0.005115854
D/AD,7,0.5,30,5.42E-06
