model,magnitude,x_l,displacement,probexceed_with_full_aleatory
D/MD,7,0.5,0.01,0.998061744
D/MD,7,0.5,0.03,0.993026681
D/MD,7,0.5,0.1,0.97147919
D/MD,7,0.5,0.3,0.89529214
D/MD,7,0.5,1,0.596380379
D/MD,7,0.5,3,0.166755672
D/MD,7,0.5,10,0.006400701
D/MD,7,0.5,30,4.42E-05
