magnitude,complete,mu,sigma
5,TRUE,-0.79,0.2
6,TRUE,-0.374,0.2
7,TRUE,0.042,0.2
8,TRUE,0.458,0.2
5,FALSE,-0.845,0.25
6,FALSE,-0.418,0.25
7,FALSE,0.009,0.25
8,FALSE,0.436,0.25
