magnitude,percentile,max_displ
6,0.5,0.977237221
7,0.5,2.540972706
8,0.5,6.60693448
6,0.84,1.544868709
7,0.84,4.016905148
8,0.84,10.44459433
