magnitude,percentile,complete,max_displ
6,0.5,TRUE,0.977237221
7,0.5,TRUE,2.540972706
8,0.5,TRUE,6.60693448
6,0.84,TRUE,1.544868709
7,0.84,TRUE,4.016905148
8,0.84,TRUE,10.44459433
6,0.5,FALSE,0.633869711
7,0.5,FALSE,1.674942876
8,0.5,FALSE,4.425883724
6,0.84,FALSE,1.41273355
7,0.84,FALSE,3.733019505
8,0.84,FALSE,9.864163431
