model,use_girs,magnitude,x_l,displacement,probexceed_with_full_aleatory
D/AD,FALSE,7,0.5,0.01,0.999840008
D/AD,FALSE,7,0.5,0.03,0.99837662
D/AD,FALSE,7,0.5,0.1,0.981519564
D/AD,FALSE,7,0.5,0.3,0.869502463
D/AD,FALSE,7,0.5,1,0.420435112
D/AD,FALSE,7,0.5,3,0.039383952
D/AD,FALSE,7,0.5,10,5.28E-05
D/AD,FALSE,7,0.5,30,7.72E-10
