magnitude,percentile,max_displ
6,0.5,0.731307454
7,0.5,2.367554582
8,0.5,7.664785402
6,0.84,1.487243036
7,0.84,4.814840932
8,0.84,15.58769659
