magnitude,mu,sigma
6,-0.2728,0.17
7,0.0516,0.17
8,0.376,0.17
