magnitude,complete,mu,sigma
5,TRUE,-0.425,0.2
6,TRUE,-0.01,0.2
7,TRUE,0.405,0.2
8,TRUE,0.82,0.2
5,FALSE,-0.62,0.35
6,FALSE,-0.198,0.35
7,FALSE,0.224,0.35
8,FALSE,0.646,0.35
