magnitude,percentile,avg_displ
6,0.5,0.422668614
6.5,0.5,0.682338694
7,0.5,1.10153931
7.5,0.5,1.77827941
8,0.5,2.870780582
6,0.84,0.668177083
6.5,0.84,1.078677392
7,0.84,1.741372079
7.5,0.84,2.811198916
8,0.84,4.538283024
