version,magnitude,percentile,avg_displ
elliptical,6,-1,0.196986123
elliptical,7,-1,1.183028887
elliptical,8,-1,7.104852516
