model,magnitude,x_l,displacement,probexceed_with_full_aleatory
D/AD,7,0.5,0.001,0.99999347
D/AD,7,0.5,0.01,0.999541893
D/AD,7,0.5,0.03,0.996703989
D/AD,7,0.5,0.1,0.975013304
D/AD,7,0.5,0.3,0.878385262
D/AD,7,0.5,1,0.575175079
D/AD,7,0.5,3,0.216216985
D/AD,7,0.5,10,0.027251592
D/AD,7,0.5,30,1.31E-03
