version,magnitude,x_l,percentile,displ_with_aleatory
D/AD,6.5,0.25,0.05,0.030556815
D/AD,6.5,0.25,0.16,0.091543293
D/AD,6.5,0.25,0.5,0.377007252
D/AD,6.5,0.25,0.84,1.286134712
D/AD,6.5,0.25,0.95,2.70053801
D/AD,7.15,0.7,0.05,0.103951969
D/AD,7.15,0.7,0.16,0.294320024
D/AD,7.15,0.7,0.5,1.151674447
D/AD,7.15,0.7,0.84,3.821043368
D/AD,7.15,0.7,0.95,7.930057986
